sdfsfsfsdfsfs
